<?xml version="1.0" encoding="UTF-8"?>
<testsuites name="jest tests" tests="2" failures="0" errors="0" time="0.063">
  <testsuite name="undefined" errors="0" failures="0" skipped="0" timestamp="2025-05-17T16:03:58" time="0.048" tests="2">
    <testcase classname=" adds 1 + 2 to equal 3" name=" adds 1 + 2 to equal 3" time="0.001">
    </testcase>
    <testcase classname=" subtracts 5 - 2 to equal 3" name=" subtracts 5 - 2 to equal 3" time="0">
    </testcase>
  </testsuite>
</testsuites>